17:21:06 **** Incremental Build of configuration Debug for project Projekt_PN ****
make -j20 all 
arm-none-eabi-gcc "../Core/Src/main.c" -mcpu=cortex-m4 -std=gnu11 -g3 -DDEBUG -DUSE_HAL_DRIVER -DSTM32F429xx -c -I../Core/Inc -I../Drivers/STM32F4xx_HAL_Driver/Inc -I../Drivers/STM32F4xx_HAL_Driver/Inc/Legacy -I../Drivers/CMSIS/Device/ST/STM32F4xx/Include -I../Drivers/CMSIS/Include -O0 -ffunction-sections -fdata-sections -Wall -fstack-usage -fcyclomatic-complexity -MMD -MP -MF"Core/Src/main.d" -MT"Core/Src/main.o" --specs=nano.specs -mfpu=fpv4-sp-d16 -mfloat-abi=hard -mthumb -o "Core/Src/main.o"
arm-none-eabi-gcc -o "Projekt_PN.elf" @"objects.list"   -mcpu=cortex-m4 -T"C:\Users\Adrian\Desktop\final-project-Zezzol\Projekt_PN\STM32F429ZITX_FLASH.ld" --specs=nosys.specs -Wl,-Map="Projekt_PN.map" -Wl,--gc-sections -static --specs=nano.specs -mfpu=fpv4-sp-d16 -mfloat-abi=hard -mthumb -u _printf_float -Wl,--start-group -lc -lm -Wl,--end-group
Finished building target: Projekt_PN.elf
 
arm-none-eabi-size  Projekt_PN.elf 
arm-none-eabi-objdump -h -S Projekt_PN.elf  > "Projekt_PN.list"
   text	   data	    bss	    dec	    hex	filename
  26004	    480	   2072	  28556	   6f8c	Projekt_PN.elf
Finished building: default.size.stdout
 
Finished building: Projekt_PN.list
 

17:21:06 Build Finished. 0 errors, 0 warnings. (took 592ms)

